// Jest Snapshot v1, https://goo.gl/fbAQLP

exports[`FileUpload debe renderizarse el componente 1`] = `
Object {
  "asFragment": [Function],
  "baseElement": <body
    class="chakra-ui-light"
  >
    <div
      id="chakra-toast-portal"
    >
      <ul
        id="chakra-toast-manager-top"
        style="position: fixed; z-index: 5500; pointer-events: none; display: flex; flex-direction: column; margin: 0px auto;"
      />
      <ul
        id="chakra-toast-manager-top-left"
        style="position: fixed; z-index: 5500; pointer-events: none; display: flex; flex-direction: column;"
      />
      <ul
        id="chakra-toast-manager-top-right"
        style="position: fixed; z-index: 5500; pointer-events: none; display: flex; flex-direction: column;"
      />
      <ul
        id="chakra-toast-manager-bottom-left"
        style="position: fixed; z-index: 5500; pointer-events: none; display: flex; flex-direction: column;"
      />
      <ul
        id="chakra-toast-manager-bottom"
        style="position: fixed; z-index: 5500; pointer-events: none; display: flex; flex-direction: column; margin: 0px auto;"
      />
      <ul
        id="chakra-toast-manager-bottom-right"
        style="position: fixed; z-index: 5500; pointer-events: none; display: flex; flex-direction: column;"
      />
    </div>
    <div>
      <div
        class="_FileUpload undefined fileUploadStyled "
      >
        <div
          class="fileUploadHead undefined"
          color="secondary"
        >
          <i
            class="fas fa-paperclip mr-4"
          />
          <div
            class="containerBadge"
          >
            <p
              class="mr2"
            >
              Archivos adjuntos
            </p>
          </div>
          <svg
            class="mr1"
            color="var(--primary)"
            fill="none"
            height="1em"
            style="font-size: 15px;"
            viewBox="0 0 11 5"
            width="1em"
            xmlns="http://www.w3.org/2000/svg"
          >
            <path
              d="M10.35.778l-4.8 3.2-4.8-3.2"
              stroke="var(--primary)"
            />
          </svg>
        </div>
        <div
          alignment="bottom"
          class="fileUploadBody"
        >
          <div
            class="fileUploadBodyTop"
          >
            <div
              class="containerFileItems"
            >
              <div
                class="dragDropStyled"
              >
                <i
                  class="fas fa-cloud-upload-alt mb2"
                />
                <p
                  class="text"
                >
                  Arrastra y suelta archivos
                </p>
                <p
                  class="mt2 text"
                >
                  Archivos soportados: 
                  png, pdf, doc, docx, jpg, jpeg
                </p>
                <input
                  multiple=""
                  type="file"
                />
              </div>
            </div>
          </div>
          <div
            class="fileUploadBodyBottom"
          >
            <div
              class="containerInputFile"
            >
              Subir Archivo
              <input
                class="inputFileStyled"
                multiple=""
                type="file"
              />
            </div>
          </div>
        </div>
      </div>
    </div>
  </body>,
  "container": <div>
    <div
      class="_FileUpload undefined fileUploadStyled "
    >
      <div
        class="fileUploadHead undefined"
        color="secondary"
      >
        <i
          class="fas fa-paperclip mr-4"
        />
        <div
          class="containerBadge"
        >
          <p
            class="mr2"
          >
            Archivos adjuntos
          </p>
        </div>
        <svg
          class="mr1"
          color="var(--primary)"
          fill="none"
          height="1em"
          style="font-size: 15px;"
          viewBox="0 0 11 5"
          width="1em"
          xmlns="http://www.w3.org/2000/svg"
        >
          <path
            d="M10.35.778l-4.8 3.2-4.8-3.2"
            stroke="var(--primary)"
          />
        </svg>
      </div>
      <div
        alignment="bottom"
        class="fileUploadBody"
      >
        <div
          class="fileUploadBodyTop"
        >
          <div
            class="containerFileItems"
          >
            <div
              class="dragDropStyled"
            >
              <i
                class="fas fa-cloud-upload-alt mb2"
              />
              <p
                class="text"
              >
                Arrastra y suelta archivos
              </p>
              <p
                class="mt2 text"
              >
                Archivos soportados: 
                png, pdf, doc, docx, jpg, jpeg
              </p>
              <input
                multiple=""
                type="file"
              />
            </div>
          </div>
        </div>
        <div
          class="fileUploadBodyBottom"
        >
          <div
            class="containerInputFile"
          >
            Subir Archivo
            <input
              class="inputFileStyled"
              multiple=""
              type="file"
            />
          </div>
        </div>
      </div>
    </div>
  </div>,
  "debug": [Function],
  "findAllByAltText": [Function],
  "findAllByDisplayValue": [Function],
  "findAllByLabelText": [Function],
  "findAllByPlaceholderText": [Function],
  "findAllByRole": [Function],
  "findAllByTestId": [Function],
  "findAllByText": [Function],
  "findAllByTitle": [Function],
  "findByAltText": [Function],
  "findByDisplayValue": [Function],
  "findByLabelText": [Function],
  "findByPlaceholderText": [Function],
  "findByRole": [Function],
  "findByTestId": [Function],
  "findByText": [Function],
  "findByTitle": [Function],
  "getAllByAltText": [Function],
  "getAllByDisplayValue": [Function],
  "getAllByLabelText": [Function],
  "getAllByPlaceholderText": [Function],
  "getAllByRole": [Function],
  "getAllByTestId": [Function],
  "getAllByText": [Function],
  "getAllByTitle": [Function],
  "getByAltText": [Function],
  "getByDisplayValue": [Function],
  "getByLabelText": [Function],
  "getByPlaceholderText": [Function],
  "getByRole": [Function],
  "getByTestId": [Function],
  "getByText": [Function],
  "getByTitle": [Function],
  "queryAllByAltText": [Function],
  "queryAllByDisplayValue": [Function],
  "queryAllByLabelText": [Function],
  "queryAllByPlaceholderText": [Function],
  "queryAllByRole": [Function],
  "queryAllByTestId": [Function],
  "queryAllByText": [Function],
  "queryAllByTitle": [Function],
  "queryByAltText": [Function],
  "queryByDisplayValue": [Function],
  "queryByLabelText": [Function],
  "queryByPlaceholderText": [Function],
  "queryByRole": [Function],
  "queryByTestId": [Function],
  "queryByText": [Function],
  "queryByTitle": [Function],
  "rerender": [Function],
  "unmount": [Function],
}
`;
